Executing payload...
Log server check from Y2JB
[ct] calltest start
[ct] aio_init ret=18446744073709551615
[ct] pipe2 ret=0 rfd=27 wfd=29
[ct] kqueue ret=27
[ct] calltest done
Executed successfully
Awaiting connection at 192.168.0.155:50000
Executing payload...
Log server check from Y2JB
[ct] calltest start
[ct] aio_init ret=18446744073709551615
[ct] pipe2 ret=0 rfd=17 wfd=29
[ct] kqueue ret=17
[ct] calltest done
Executed successfully
Awaiting connection at 192.168.0.155:50000
Executing payload...
Log server check from Y2JB
[ct] calltest start
[ct] aio_init ret=18446744073709551615
[ct] pipe2 ret=0 rfd=17 wfd=29
[ct] kqueue ret=17
[ct] calltest done
Executed successfully
Awaiting connection at 192.168.0.155:50000
Executing payload...
Log server check from Y2JB
[ct] calltest start
[ct] aio_init ret=18446744073709551615
[ct] pipe2 ret=0 rfd=27 wfd=29
[ct] kqueue ret=27
[ct] calltest done
Executed successfully
Awaiting connection at 192.168.0.155:50000
Executing payload...
Log server check from Y2JB
Log server check from Y2JB
Log server check from Y2JB
Log server check from Y2JB
Log server check from Y2JB
Log server check from Y2JB
Log server check from Y2JB
Log server check from Y2JB
[p3] probe3 start
[p3] typeof call: function
[p3] typeof syscall_wrapper: bigint=0x80d0e4b47
[p3] typeof dlsym: function
[p3] typeof longjmp: undefined
[p3] typeof setjmp: undefined
[p3] ROP.ret=0x12e260042
[p3] call(ret)=0
[p3] probe3 done
Executed successfully
Awaiting connection at 192.168.0.155:50000
Executing payload...
Log server check from Y2JB
[rwx] rwx start
[rwx] jitshm_create=0xffffffffffffffff
[rwx] jitshm_alias=0xffffffffffffffff
[rwx] jitshm path dead, trying plain mmap RWX
[rwx] plainRWX=0x200958000
[rwx] rwx done
Executed successfully
Awaiting connection at 192.168.0.155:50000
Executing payload...
Log server check from Y2JB
Log server check from Y2JB
Log server check from Y2JB
Log server check from Y2JB
[kq] kqex start
[kq] kqueueex=30
[kq] kqex done
Executed successfully
Awaiting connection at 192.168.0.155:50000
Executing payload...
Log server check from Y2JB
[dl] dlsym probe start
[dl] dlsym-arity=2
[dl] dlsym getpid threw: process is not jailbroken
[dl] dlsym aio_submit threw: process is not jailbroken
[dl] dlsym osem_create threw: process is not jailbroken
[dl] dlsym pipe2 threw: process is not jailbroken
[dl] dlsym getpid threw: process is not jailbroken
[dl] dlsym aio_submit threw: process is not jailbroken
[dl] dlsym osem_create threw: process is not jailbroken
[dl] dlsym pipe2 threw: process is not jailbroken
[dl] dlsym probe done
Executed successfully
Awaiting connection at 192.168.0.155:50000
Log server check from Y2JB
[rv] ropvals start
[rv] libcobalt_base: bigint=0x16b380000
[rv] ROP.pop_rsp=0x16b38a59c
[rv] ROP.pop_rax=0x16b39ab82
[rv] ROP.pop_rdi=0x16b3804cb
[rv] ROP.pop_rsi=0x16b381174
[rv] ROP.pop_rdx=0x16b488f12
[rv] ROP.pop_rcx=0x16b38c18e
[rv] ROP.pop_r8=0x16b39ab81
[rv] ROP.pop_r9=0x16b73f622
[rv] ROP.pop_rbp=0x16b3800c6
[rv] ROP.mov_qword_rdi_rax=0x16b3d61bc
[rv] ROP.mov_qword_rdi_rdx=0x16b8775ed
[rv] ROP.mov_rax_0x200000000=0x16b644e10
[rv] ROP.mov_rsp_rbp=0x16bb2d24c
[rv] ROP.ret=0x16b380042
[rv] ropvals done
Executed successfully
Awaiting connection at 192.168.0.155:50000
Executing payload...
Log server check from Y2JB
[bs] bases probe start
[bs] libcobalt_base: bigint=0x16b380000
[bs] libc_base: bigint=0x14712c000
[bs] libstarboard_base: bigint=0x161980000
[bs] libkernel_base: bigint=0x825180000
[bs] libSceNKWebKit_base: undefined
[bs] webkit_base: undefined
[bs] kernel_base: undefined
[bs] ROP.ret=0x16b380042
[bs] bases probe done
Executed successfully
Awaiting connection at 192.168.0.155:50000
Executing payload...
Log server check from Y2JB
Log server check from Y2JB
